// Jest Snapshot v1, https://goo.gl/fbAQLP

exports[`Favorites snapshot tests should match snapshot 1`] = `
<div>
  <div
    key="first-favorite"
  >
    first-favorite
  </div>
  <div
    key="second-favorrite"
  >
    second-favorrite
  </div>
  <div
    key="third-favorite"
  >
    third-favorite
  </div>
</div>
`;
